0x09: 1101100
0x0a: 11010
0x20: 100
0x21: 10100000010
0x22: 1101101010
0x23: 110111100
0x24: 0011010
0x25: 10100000011
0x26: 11011010110
0x27: 1101111010
0x28: 11011010111
0x29: 11011110110
0x2a: 110111110
0x2b: 11011110111
0x2c: 110111111
0x2d: 01011
0x2e: 0010
0x2f: 101000001
0x30: 101000010
0x31: 000000000
0x32: 000000001
0x33: 000000010
0x34: 0000000110
0x35: 000000100
0x36: 0000000111
0x37: 000000101
0x38: 0000001100
0x39: 0000001101
0x3a: 1101110
0x3b: 0000001110
0x3c: 000001000
0x3d: 000001001
0x3e: 000001010
0x3f: 000001011
0x40: 0000001111
0x41: 0110010
0x42: 101000011
0x43: 101000100
0x44: 000001100
0x45: 000001101
0x46: 0110011
0x47: 0110100
0x48: 00000111
0x49: 00001000
0x4a: 000010010
0x4b: 000010011
0x4c: 0110101
0x4d: 101000101
0x4e: 101000110
0x4f: 0000101000
0x50: 000010101
0x51: 0000101001
0x52: 0000101100
0x53: 1010010
0x54: 00001100
0x55: 0000101101
0x56: 000010111
0x57: 101000111
0x58: 000011010
0x59: 0000110110
0x5a: 000011100
0x5b: 101001100
0x5c: 101001101
0x5d: 101001110
0x5e: 0000110111
0x5f: 0000111010
0x60: 0000111011
0x61: 00010
0x62: 01100000
0x63: 10111
0x64: 00111
0x65: 1100
0x66: 11100
0x67: 011011
0x68: 11101
0x69: 11110
0x6a: 0000111100
0x6b: 010101
0x6c: 01110
0x6d: 001100
0x6e: 10110
0x6f: 0100
0x70: 11011011
0x71: 101001111
0x72: 01111
0x73: 00011
0x74: 11111
0x75: 10101
0x76: 01100001
0x77: 0011011
0x78: 110110100
0x79: 0110001
0x7a: 000011111
0x7b: 0101000
0x7c: 0000111101
0x7d: 0101001
0x7e: 1010000000
