0x00: 11
0x01: 10011
0x02: 011101
0x03: 011011
0x04: 1010000
0x05: 100100010
0x06: 1011110110
0x07: 101110
0x08: 0101000
0x09: 0011111
0x0a: 101001010
0x0b: 010010001
0x0c: 101111100
0x0d: 00110100
0x0e: 0010000000
0x0f: 1011110111
0x10: 010101
0x11: 101100101
0x12: 0111110
0x13: 0100101000
0x14: 01000100
0x15: 100010110
0x16: 010110100
0x17: 1011011011
0x18: 101111110
0x19: 10100010111
0x1a: 01010010100
0x1b: 0111001010
0x1c: 001010011
0x1d: 0010000001
0x1e: 10110011001
0x1f: 1011001101
0x20: 00001
0x21: 010100100
0x22: 101111000
0x23: 01111111
0x24: 0111001011
0x25: 00101010
0x26: 100000010
0x27: 000111
0x28: 00101000
0x29: 1001000111
0x2a: 101001011000
0x2b: 10001011101
0x2c: 0100101001
0x2d: 101100111
0x2e: 0100011
0x2f: 10010011
0x30: 0011101
0x31: 00101011
0x32: 01011011
0x33: 010010010
0x34: 100100101
0x35: 0110010101
0x36: 011000010
0x37: 10000001101
0x38: 011001011
0x39: 1011111110
0x3a: 101111001
0x3b: 0010000101
0x3c: 0010000010
0x3d: 0011010100
0x3e: 10000101010
0x3f: 101001000
0x40: 010011
0x41: 100010010
0x42: 011100001
0x43: 10010100
0x44: 001001
0x45: 01110001
0x46: 1000101111
0x47: 100100100
0x48: 0001101
0x49: 010010101
0x4a: 01111110000
0x4b: 100001010110
0x4c: 01001011
0x4d: 10001001100
0x4e: 100101010
0x4f: 001101011
0x50: 001101100
0x51: 010100101011
0x52: 010010011
0x53: 01100100
0x54: 100101011
0x55: 1010010111
0x56: 101111101010
0x57: 1011111011
0x58: 1000100111
0x59: 10100101101
0x5a: 01010010110
0x5b: 10111110101101
0x5c: 01010010111
0x5d: 00100000111
0x5e: 1000010101110
0x5f: 010111
0x60: 011010
0x61: 1010111
0x62: 011111101
0x63: 1000001
0x64: 0110001
0x65: 011110
0x66: 10001000
0x67: 001101111
0x68: 01010011
0x69: 000101
0x6a: 1011111010111
0x6b: 1010001000
0x6c: 1000011
0x6d: 01110011
0x6e: 1010011
0x6f: 001100
0x70: 0011100
0x71: 10100010010
0x72: 001011
0x73: 1011010
0x74: 010000
0x75: 10100011
0x76: 1011011000
0x77: 10101100000
0x78: 010110101
0x79: 0110000000
0x7a: 101111111100
0x7b: 001000011001
0x7c: 0011110001
0x7d: 101111111101
0x7e: 01100000010
0x7f: 100001011
0x80: 1011000
0x81: 10110111
0x82: 0110011
0x83: 001101101
0x84: 10100010011
0x85: 101001011001
0x86: 001111011000
0x87: 1000010101111
0x88: 010110001
0x89: 00111101101
0x8a: 001111011001
0x8b: 0011110111000
0x8c: 0100010100
0x8d: 0011110111001
0x8e: 1000100110100
0x8f: 011000000110
0x90: 0001001
0x91: 1000100110101
0x92: 1011011001
0x93: 101111111110
0x94: 001111001
0x95: 10001010000
0x96: 10001010001
0x97: 001111011101010
0x98: 011100000
0x99: 001111011110
0x9a: 010001011
0x9b: 1000000111
0x9c: 0001000000
0x9d: 101100100
0x9e: 1000100110110
0x9f: 101011000010
0xa0: 101010
0xa1: 101011000011
0xa2: 001111011111
0xa3: 10100010100
0xa4: 10101100010
0xa5: 0011110111011
0xa6: 1000100110111
0xa7: 00100001101
0xa8: 10001010010
0xa9: 0100010101000
0xaa: 1000101001100
0xab: 0100010101001
0xac: 1011111111110
0xad: 1011111111111
0xae: 01100001100
0xaf: 101011000110
0xb0: 1011011010
0xb1: 00010000010
0xb2: 000100000110
0xb3: 010001010101
0xb4: 0111001000
0xb5: 01011000000
0xb6: 001111011101011
0xb7: 0100010101100
0xb8: 10101100100
0xb9: 1000101001101
0xba: 101011000111
0xbb: 00010000100
0xbc: 10001010100
0xbd: 101011001010
0xbe: 10100010101
0xbf: 100011
0xc0: 0001100
0xc1: 010001010111
0xc2: 00000
0xc3: 10110011000
0xc4: 01100001101
0xc5: 100010100111
0xc6: 01011000001
0xc7: 101111010
0xc8: 10111110100
0xc9: 010010000000
0xca: 100010101010
0xcb: 0100010101101
0xcc: 01111110001
0xcd: 10000001100
0xce: 01011000010
0xcf: 1000101010110
0xd0: 10000100
0xd1: 10111110101100
0xd2: 101001001
0xd3: 00010000101
0xd4: 001010010
0xd5: 100010101100
0xd6: 1000010100
0xd7: 00100000110
0xd8: 001111010
0xd9: 01001000001
0xda: 10010000
0xdb: 000100000111
0xdc: 01001000010
0xdd: 010010000001
0xde: 0001000011
0xdf: 101011001011
0xe0: 10000000
0xe1: 01011000011
0xe2: 00100001110
0xe3: 00010001
0xe4: 011000001
0xe5: 001000011000
0xe6: 011000000111
0xe7: 10001010111
0xe8: 10101101
0xe9: 00111101110100
0xea: 100010101101
0xeb: 0010000100
0xec: 0010001
0xed: 011000011100
0xee: 010100101010
0xef: 0110010100
0xf0: 01011001
0xf1: 0111001001
0xf2: 1001000110
0xf3: 011000011101
0xf4: 0011010101
0xf5: 1000101010111
0xf6: 0111111001
0xf7: 01100001111
0xf8: 0011110000
0xf9: 10001011100
0xfa: 001101110
0xfb: 01001000011
0xfc: 1010110011
0xfd: 00100001111
0xfe: 10100010110
0xff: 1001011
